// Jest Snapshot v1, https://goo.gl/fbAQLP

exports[`Prueba en AppRouter debe de mostrrse correctamente  1`] = `
<div>
  <div>
    <nav
      className="navbar navbar-expand-lg navbar-dark bg-dark"
    >
      <div
        className="container-fluid"
      >
        <a
          className="navbar-brand"
          href="#"
        >
          useContext
        </a>
        <div
          className="collapse navbar-collapse"
          id="navbarNavAltMarkup"
        >
          <div
            className="navbar-nav"
          >
            <a
              aria-current="page"
              className="nav-link nav-link active"
              href="/"
              onClick={[Function]}
              style={Object {}}
            >
              Home
            </a>
            <a
              aria-current={null}
              className="nav-link"
              href="/login"
              onClick={[Function]}
            >
              Login
            </a>
            <a
              aria-current={null}
              className="nav-link"
              href="/about"
              onClick={[Function]}
            >
              About
            </a>
          </div>
        </div>
      </div>
    </nav>
    <div
      className="container"
    >
      <div>
        <h1>
          Home Screen
        </h1>
        <hr />
        <div>
          <pre>
            {
   "id": 1,
   "name": "Chris"
}
          </pre>
        </div>
      </div>
    </div>
  </div>
</div>
`;
