// Jest Snapshot v1, https://goo.gl/fbAQLP

exports[`pruebas en HomeSCreen debe mostrarse corectamente  1`] = `
<div>
  <h1>
    Home Screen
  </h1>
  <hr />
  <div>
    <pre>
      {
   "name": "Chris",
   "email": "sada"
}
    </pre>
  </div>
</div>
`;
