// Jest Snapshot v1, https://goo.gl/fbAQLP

exports[`prueba sobre el Login Screen debe mostrarse correctamente  1`] = `
<div>
  <div>
    <h1>
      Login Screen
    </h1>
    <hr />
    <button
      className="btn btn-primary"
      onClick={[Function]}
    >
      Login
    </button>
  </div>
</div>
`;
