// Jest Snapshot v1, https://goo.gl/fbAQLP

exports[` should  1`] = `
<div>
  <h1>
    Todos App: 
    0
  </h1>
  <hr />
  <div
    className="row"
  >
    <div
      className="col-7"
    >
      <TodoList
        handleDelete={[Function]}
        handleToggle={[Function]}
        todos={Array []}
      />
    </div>
    <div
      className="col-5 text-center"
    >
      <Tododd
        handleAddTodo={[Function]}
      />
    </div>
  </div>
</div>
`;
