// Jest Snapshot v1, https://goo.gl/fbAQLP

exports[`pruebas HookApp should  1`] = `
<div>
  <h1>
    HOLA HOOK
  </h1>
</div>
`;
